Enhanced lrslib ray discovery log
Started: 2025-07-25 15:02:39
Input: n6data/n6_restart_startingcobasis.ine
Output: n6data/new_rays_from_1381_enhanced.ext
============================================================

[2025-07-25 15:02:39] 🚀 STARTING: Enhanced lrslib ray discovery
[2025-07-25 15:02:39] 📁 INPUT: n6data/n6_restart_startingcobasis.ine
[2025-07-25 15:02:39] 📁 OUTPUT: n6data/new_rays_from_1381_enhanced.ext
[2025-07-25 15:02:39] 📁 LOG: n6data/ray_discovery_enhanced.log
[2025-07-25 15:02:39] 📊 INPUT SIZE: 1220.1 MB
[2025-07-25 15:02:39] ⚡ LAUNCHING: lrslib process with monitoring
[2025-07-25 15:02:39] ⏰ PROGRESS: 0s elapsed, 0 rays found
[2025-07-25 15:03:09] ⏰ PROGRESS: 30s elapsed, 0 rays found
[2025-07-25 15:03:09] 🎯 STARTING POINT: lrslib processing startingcobasis declaration
[2025-07-25 15:03:09] 🎯 STARTING POINT: lrslib processing startingcobasis declaration
[2025-07-25 15:03:39] ⏰ PROGRESS: 60s elapsed, 0 rays found
[2025-07-25 15:04:09] ⏰ PROGRESS: 90s elapsed, 0 rays found
[2025-07-25 15:04:39] ⏰ PROGRESS: 120s elapsed, 0 rays found
[2025-07-25 15:05:09] ⏰ PROGRESS: 150s elapsed, 0 rays found
[2025-07-25 15:05:39] ⏰ PROGRESS: 180s elapsed, 0 rays found
[2025-07-25 15:06:09] ⏰ PROGRESS: 210s elapsed, 0 rays found
[2025-07-25 15:06:39] ⏰ PROGRESS: 240s elapsed, 0 rays found
[2025-07-25 15:07:09] ⏰ PROGRESS: 270s elapsed, 0 rays found
[2025-07-25 15:07:39] ⏰ PROGRESS: 300s elapsed, 0 rays found
[2025-07-25 15:08:09] ⏰ PROGRESS: 330s elapsed, 0 rays found
[2025-07-25 15:08:39] ⏰ PROGRESS: 360s elapsed, 0 rays found
[2025-07-25 15:09:09] ⏰ PROGRESS: 390s elapsed, 0 rays found
[2025-07-25 15:09:39] ⏰ PROGRESS: 420s elapsed, 0 rays found
[2025-07-25 15:10:09] ⏰ PROGRESS: 450s elapsed, 0 rays found
[2025-07-25 15:10:39] ⏰ PROGRESS: 480s elapsed, 0 rays found
[2025-07-25 15:11:09] ⏰ PROGRESS: 510s elapsed, 0 rays found
[2025-07-25 15:11:39] ⏰ PROGRESS: 540s elapsed, 0 rays found
[2025-07-25 15:12:09] ⏰ PROGRESS: 570s elapsed, 0 rays found
[2025-07-25 15:12:39] ⏰ PROGRESS: 600s elapsed, 0 rays found
[2025-07-25 15:13:09] ⏰ PROGRESS: 630s elapsed, 0 rays found
[2025-07-25 15:13:39] ⏰ PROGRESS: 660s elapsed, 0 rays found
[2025-07-25 15:14:09] ⏰ PROGRESS: 690s elapsed, 0 rays found
[2025-07-25 15:14:39] ⏰ PROGRESS: 720s elapsed, 0 rays found
[2025-07-25 15:15:09] ⏰ PROGRESS: 750s elapsed, 0 rays found
[2025-07-25 15:15:39] ⏰ PROGRESS: 780s elapsed, 0 rays found
[2025-07-25 15:16:09] ⏰ PROGRESS: 810s elapsed, 0 rays found
[2025-07-25 15:16:39] ⏰ PROGRESS: 840s elapsed, 0 rays found
[2025-07-25 15:17:09] ⏰ PROGRESS: 870s elapsed, 0 rays found
[2025-07-25 15:17:39] ⏰ PROGRESS: 900s elapsed, 0 rays found
[2025-07-25 15:18:09] ⏰ PROGRESS: 930s elapsed, 0 rays found
[2025-07-25 15:18:39] ⏰ PROGRESS: 960s elapsed, 0 rays found
[2025-07-25 15:19:09] ⏰ PROGRESS: 990s elapsed, 0 rays found
[2025-07-25 15:19:39] ⏰ PROGRESS: 1020s elapsed, 0 rays found
[2025-07-25 15:20:09] ⏰ PROGRESS: 1050s elapsed, 0 rays found
[2025-07-25 15:20:39] ⏰ PROGRESS: 1080s elapsed, 0 rays found
[2025-07-25 15:21:09] ⏰ PROGRESS: 1110s elapsed, 0 rays found
[2025-07-25 15:21:39] ⏰ PROGRESS: 1140s elapsed, 0 rays found
[2025-07-25 15:22:09] ⏰ PROGRESS: 1170s elapsed, 0 rays found
[2025-07-25 15:22:39] ⏰ PROGRESS: 1200s elapsed, 0 rays found
[2025-07-25 15:23:09] ⏰ PROGRESS: 1230s elapsed, 0 rays found
[2025-07-25 15:23:39] ⏰ PROGRESS: 1260s elapsed, 0 rays found
[2025-07-25 15:24:09] ⏰ PROGRESS: 1290s elapsed, 0 rays found
[2025-07-25 15:24:39] ⏰ PROGRESS: 1320s elapsed, 0 rays found
[2025-07-25 15:25:09] ⏰ PROGRESS: 1350s elapsed, 0 rays found
[2025-07-25 15:25:39] ⏰ PROGRESS: 1380s elapsed, 0 rays found
[2025-07-25 15:26:09] ⏰ PROGRESS: 1410s elapsed, 0 rays found
[2025-07-25 15:26:39] ⏰ PROGRESS: 1440s elapsed, 0 rays found
[2025-07-25 15:27:09] ⏰ PROGRESS: 1470s elapsed, 0 rays found
[2025-07-25 15:27:39] ⏰ PROGRESS: 1500s elapsed, 0 rays found
[2025-07-25 15:28:09] ⏰ PROGRESS: 1530s elapsed, 0 rays found
[2025-07-25 15:28:39] ⏰ PROGRESS: 1560s elapsed, 0 rays found
[2025-07-25 15:29:09] ⏰ PROGRESS: 1590s elapsed, 0 rays found
[2025-07-25 15:29:39] ⏰ PROGRESS: 1620s elapsed, 0 rays found
[2025-07-25 15:30:09] ⏰ PROGRESS: 1650s elapsed, 0 rays found
[2025-07-25 15:30:39] ⏰ PROGRESS: 1680s elapsed, 0 rays found
[2025-07-25 15:31:09] ⏰ PROGRESS: 1710s elapsed, 0 rays found
[2025-07-25 15:31:39] ⏰ PROGRESS: 1740s elapsed, 0 rays found
[2025-07-25 15:32:09] ⏰ PROGRESS: 1770s elapsed, 0 rays found
[2025-07-25 15:32:39] ⏰ PROGRESS: 1801s elapsed, 0 rays found
[2025-07-25 15:33:09] ⏰ PROGRESS: 1831s elapsed, 0 rays found
[2025-07-25 15:33:39] ⏰ PROGRESS: 1861s elapsed, 0 rays found
[2025-07-25 15:34:09] ⏰ PROGRESS: 1891s elapsed, 0 rays found
[2025-07-25 15:34:39] ⏰ PROGRESS: 1921s elapsed, 0 rays found
[2025-07-25 15:35:09] ⏰ PROGRESS: 1951s elapsed, 0 rays found
[2025-07-25 15:35:39] ⏰ PROGRESS: 1981s elapsed, 0 rays found
[2025-07-25 15:36:09] ⏰ PROGRESS: 2011s elapsed, 0 rays found
[2025-07-25 15:36:39] ⏰ PROGRESS: 2041s elapsed, 0 rays found
[2025-07-25 15:37:09] ⏰ PROGRESS: 2071s elapsed, 0 rays found
[2025-07-25 15:37:39] ⏰ PROGRESS: 2101s elapsed, 0 rays found
[2025-07-25 15:38:09] ⏰ PROGRESS: 2131s elapsed, 0 rays found
[2025-07-25 15:38:39] ⏰ PROGRESS: 2161s elapsed, 0 rays found
[2025-07-25 15:39:09] ⏰ PROGRESS: 2191s elapsed, 0 rays found
[2025-07-25 15:39:39] ⏰ PROGRESS: 2221s elapsed, 0 rays found
[2025-07-25 15:40:09] ⏰ PROGRESS: 2251s elapsed, 0 rays found
[2025-07-25 15:40:39] ⏰ PROGRESS: 2281s elapsed, 0 rays found
[2025-07-25 15:41:09] ⏰ PROGRESS: 2311s elapsed, 0 rays found
[2025-07-25 15:41:40] ⏰ PROGRESS: 2341s elapsed, 0 rays found
[2025-07-25 15:42:10] ⏰ PROGRESS: 2371s elapsed, 0 rays found
[2025-07-25 15:42:40] ⏰ PROGRESS: 2401s elapsed, 0 rays found
[2025-07-25 15:43:10] ⏰ PROGRESS: 2431s elapsed, 0 rays found
[2025-07-25 15:43:40] ⏰ PROGRESS: 2461s elapsed, 0 rays found
[2025-07-25 15:44:10] ⏰ PROGRESS: 2491s elapsed, 0 rays found
[2025-07-25 15:44:40] ⏰ PROGRESS: 2521s elapsed, 0 rays found
[2025-07-25 15:45:10] ⏰ PROGRESS: 2551s elapsed, 0 rays found
[2025-07-25 15:45:40] ⏰ PROGRESS: 2581s elapsed, 0 rays found
[2025-07-25 15:46:10] ⏰ PROGRESS: 2611s elapsed, 0 rays found
[2025-07-25 15:46:40] ⏰ PROGRESS: 2641s elapsed, 0 rays found
[2025-07-25 15:47:10] ⏰ PROGRESS: 2671s elapsed, 0 rays found
[2025-07-25 15:47:40] ⏰ PROGRESS: 2701s elapsed, 0 rays found
[2025-07-25 15:48:10] ⏰ PROGRESS: 2731s elapsed, 0 rays found
[2025-07-25 15:48:40] ⏰ PROGRESS: 2761s elapsed, 0 rays found
[2025-07-25 15:49:10] ⏰ PROGRESS: 2791s elapsed, 0 rays found
[2025-07-25 15:49:40] ⏰ PROGRESS: 2821s elapsed, 0 rays found
[2025-07-25 15:50:10] ⏰ PROGRESS: 2851s elapsed, 0 rays found
[2025-07-25 15:50:40] ⏰ PROGRESS: 2881s elapsed, 0 rays found
[2025-07-25 15:51:10] ⏰ PROGRESS: 2911s elapsed, 0 rays found
[2025-07-25 15:51:40] ⏰ PROGRESS: 2941s elapsed, 0 rays found
[2025-07-25 15:52:10] ⏰ PROGRESS: 2971s elapsed, 0 rays found
[2025-07-25 15:52:40] ⏰ PROGRESS: 3001s elapsed, 0 rays found
[2025-07-25 15:53:10] ⏰ PROGRESS: 3031s elapsed, 0 rays found
[2025-07-25 15:53:40] ⏰ PROGRESS: 3061s elapsed, 0 rays found
[2025-07-25 15:54:10] ⏰ PROGRESS: 3091s elapsed, 0 rays found
[2025-07-25 15:54:40] ⏰ PROGRESS: 3121s elapsed, 0 rays found
[2025-07-25 15:55:10] ⏰ PROGRESS: 3151s elapsed, 0 rays found
[2025-07-25 15:55:40] ⏰ PROGRESS: 3181s elapsed, 0 rays found
[2025-07-25 15:56:10] ⏰ PROGRESS: 3211s elapsed, 0 rays found
[2025-07-25 15:56:40] ⏰ PROGRESS: 3241s elapsed, 0 rays found
[2025-07-25 15:57:10] ⏰ PROGRESS: 3271s elapsed, 0 rays found
[2025-07-25 15:57:40] ⏰ PROGRESS: 3301s elapsed, 0 rays found
[2025-07-25 15:58:10] ⏰ PROGRESS: 3331s elapsed, 0 rays found
[2025-07-25 15:58:40] ⏰ PROGRESS: 3361s elapsed, 0 rays found
[2025-07-25 15:59:10] ⏰ PROGRESS: 3391s elapsed, 0 rays found
[2025-07-25 15:59:40] ⏰ PROGRESS: 3421s elapsed, 0 rays found
[2025-07-25 16:00:10] ⏰ PROGRESS: 3451s elapsed, 0 rays found
[2025-07-25 16:00:40] ⏰ PROGRESS: 3481s elapsed, 0 rays found
[2025-07-25 16:01:10] ⏰ PROGRESS: 3511s elapsed, 0 rays found
[2025-07-25 16:01:40] ⏰ PROGRESS: 3541s elapsed, 0 rays found
[2025-07-25 16:02:10] ⏰ PROGRESS: 3571s elapsed, 0 rays found
[2025-07-25 16:02:40] ⏰ PROGRESS: 3601s elapsed, 0 rays found
[2025-07-25 16:03:10] ⏰ PROGRESS: 3631s elapsed, 0 rays found
[2025-07-25 16:03:40] ⏰ PROGRESS: 3661s elapsed, 0 rays found
[2025-07-25 16:04:10] ⏰ PROGRESS: 3691s elapsed, 0 rays found
[2025-07-25 16:04:40] ⏰ PROGRESS: 3721s elapsed, 0 rays found
[2025-07-25 16:05:10] ⏰ PROGRESS: 3751s elapsed, 0 rays found
[2025-07-25 16:05:40] ⏰ PROGRESS: 3781s elapsed, 0 rays found
[2025-07-25 16:06:10] ⏰ PROGRESS: 3811s elapsed, 0 rays found
[2025-07-25 16:06:40] ⏰ PROGRESS: 3841s elapsed, 0 rays found
[2025-07-25 16:07:10] ⏰ PROGRESS: 3871s elapsed, 0 rays found
[2025-07-25 16:07:40] ⏰ PROGRESS: 3901s elapsed, 0 rays found
[2025-07-25 16:08:10] ⏰ PROGRESS: 3931s elapsed, 0 rays found
[2025-07-25 16:08:40] ⏰ PROGRESS: 3961s elapsed, 0 rays found
[2025-07-25 16:09:10] ⏰ PROGRESS: 3991s elapsed, 0 rays found
[2025-07-25 16:09:40] ⏰ PROGRESS: 4021s elapsed, 0 rays found
[2025-07-25 16:10:10] ⏰ PROGRESS: 4051s elapsed, 0 rays found
[2025-07-25 16:10:40] ⏰ PROGRESS: 4081s elapsed, 0 rays found
[2025-07-25 16:11:10] ⏰ PROGRESS: 4111s elapsed, 0 rays found
[2025-07-25 16:11:40] ⏰ PROGRESS: 4141s elapsed, 0 rays found
[2025-07-25 16:12:10] ⏰ PROGRESS: 4171s elapsed, 0 rays found
[2025-07-25 16:12:40] ⏰ PROGRESS: 4201s elapsed, 0 rays found
[2025-07-25 16:13:10] ⏰ PROGRESS: 4231s elapsed, 0 rays found
[2025-07-25 16:13:40] ⏰ PROGRESS: 4261s elapsed, 0 rays found
[2025-07-25 16:14:10] ⏰ PROGRESS: 4291s elapsed, 0 rays found
[2025-07-25 16:14:40] ⏰ PROGRESS: 4321s elapsed, 0 rays found
[2025-07-25 16:15:10] ⏰ PROGRESS: 4351s elapsed, 0 rays found
[2025-07-25 16:15:40] ⏰ PROGRESS: 4381s elapsed, 0 rays found
[2025-07-25 16:16:10] ⏰ PROGRESS: 4411s elapsed, 0 rays found
[2025-07-25 16:16:40] ⏰ PROGRESS: 4441s elapsed, 0 rays found
[2025-07-25 16:17:10] ⏰ PROGRESS: 4471s elapsed, 0 rays found
[2025-07-25 16:17:40] ⏰ PROGRESS: 4501s elapsed, 0 rays found
[2025-07-25 16:18:10] ⏰ PROGRESS: 4531s elapsed, 0 rays found
[2025-07-25 16:18:40] ⏰ PROGRESS: 4561s elapsed, 0 rays found
[2025-07-25 16:19:10] ⏰ PROGRESS: 4591s elapsed, 0 rays found
[2025-07-25 16:19:40] ⏰ PROGRESS: 4621s elapsed, 0 rays found
[2025-07-25 16:20:10] ⏰ PROGRESS: 4651s elapsed, 0 rays found
[2025-07-25 16:20:40] ⏰ PROGRESS: 4681s elapsed, 0 rays found
[2025-07-25 16:21:10] ⏰ PROGRESS: 4711s elapsed, 0 rays found
[2025-07-25 16:21:40] ⏰ PROGRESS: 4741s elapsed, 0 rays found
[2025-07-25 16:22:10] ⏰ PROGRESS: 4771s elapsed, 0 rays found
[2025-07-25 16:22:40] ⏰ PROGRESS: 4801s elapsed, 0 rays found
[2025-07-25 16:23:10] ⏰ PROGRESS: 4831s elapsed, 0 rays found
[2025-07-25 16:23:40] ⏰ PROGRESS: 4861s elapsed, 0 rays found
[2025-07-25 16:24:10] ⏰ PROGRESS: 4891s elapsed, 0 rays found
[2025-07-25 16:24:40] ⏰ PROGRESS: 4921s elapsed, 0 rays found
[2025-07-25 16:25:10] ⏰ PROGRESS: 4951s elapsed, 0 rays found
[2025-07-25 16:25:40] ⏰ PROGRESS: 4981s elapsed, 0 rays found
[2025-07-25 16:26:10] ⏰ PROGRESS: 5011s elapsed, 0 rays found
[2025-07-25 16:26:40] ⏰ PROGRESS: 5041s elapsed, 0 rays found
[2025-07-25 16:27:10] ⏰ PROGRESS: 5071s elapsed, 0 rays found
[2025-07-25 16:27:40] ⏰ PROGRESS: 5101s elapsed, 0 rays found
[2025-07-25 16:28:10] ⏰ PROGRESS: 5131s elapsed, 0 rays found
[2025-07-25 16:28:40] ⏰ PROGRESS: 5161s elapsed, 0 rays found
[2025-07-25 16:29:10] ⏰ PROGRESS: 5191s elapsed, 0 rays found
[2025-07-25 16:29:40] ⏰ PROGRESS: 5221s elapsed, 0 rays found
[2025-07-25 16:30:10] ⏰ PROGRESS: 5251s elapsed, 0 rays found
[2025-07-25 16:30:40] ⏰ PROGRESS: 5281s elapsed, 0 rays found
[2025-07-25 16:31:10] ⏰ PROGRESS: 5311s elapsed, 0 rays found
[2025-07-25 16:31:40] ⏰ PROGRESS: 5341s elapsed, 0 rays found
[2025-07-25 16:32:10] ⏰ PROGRESS: 5371s elapsed, 0 rays found
[2025-07-25 16:32:40] ⏰ PROGRESS: 5401s elapsed, 0 rays found
[2025-07-25 16:33:10] ⏰ PROGRESS: 5431s elapsed, 0 rays found
[2025-07-25 16:33:40] ⏰ PROGRESS: 5461s elapsed, 0 rays found
[2025-07-25 16:34:10] ⏰ PROGRESS: 5491s elapsed, 0 rays found
[2025-07-25 16:34:40] ⏰ PROGRESS: 5521s elapsed, 0 rays found
[2025-07-25 16:35:10] ⏰ PROGRESS: 5551s elapsed, 0 rays found
[2025-07-25 16:35:40] ⏰ PROGRESS: 5581s elapsed, 0 rays found
[2025-07-25 16:36:10] ⏰ PROGRESS: 5611s elapsed, 0 rays found
[2025-07-25 16:36:40] ⏰ PROGRESS: 5641s elapsed, 0 rays found
[2025-07-25 16:37:10] ⏰ PROGRESS: 5671s elapsed, 0 rays found
[2025-07-25 16:37:40] ⏰ PROGRESS: 5701s elapsed, 0 rays found
[2025-07-25 16:38:10] ⏰ PROGRESS: 5731s elapsed, 0 rays found
[2025-07-25 16:38:40] ⏰ PROGRESS: 5761s elapsed, 0 rays found
[2025-07-25 16:39:10] ⏰ PROGRESS: 5791s elapsed, 0 rays found
[2025-07-25 16:39:40] ⏰ PROGRESS: 5821s elapsed, 0 rays found
[2025-07-25 16:40:10] ⏰ PROGRESS: 5852s elapsed, 0 rays found
[2025-07-25 16:40:40] ⏰ PROGRESS: 5882s elapsed, 0 rays found
[2025-07-25 16:41:10] ⏰ PROGRESS: 5912s elapsed, 0 rays found
[2025-07-25 16:41:40] ⏰ PROGRESS: 5942s elapsed, 0 rays found
[2025-07-25 16:42:10] ⏰ PROGRESS: 5972s elapsed, 0 rays found
[2025-07-25 16:42:40] ⏰ PROGRESS: 6002s elapsed, 0 rays found
[2025-07-25 16:43:10] ⏰ PROGRESS: 6032s elapsed, 0 rays found
[2025-07-25 16:43:40] ⏰ PROGRESS: 6062s elapsed, 0 rays found
[2025-07-25 16:44:10] ⏰ PROGRESS: 6092s elapsed, 0 rays found
[2025-07-25 16:44:40] ⏰ PROGRESS: 6122s elapsed, 0 rays found
[2025-07-25 16:45:10] ⏰ PROGRESS: 6152s elapsed, 0 rays found
[2025-07-25 16:45:40] ⏰ PROGRESS: 6182s elapsed, 0 rays found
[2025-07-25 16:46:10] ⏰ PROGRESS: 6212s elapsed, 0 rays found
[2025-07-25 16:46:40] ⏰ PROGRESS: 6242s elapsed, 0 rays found
[2025-07-25 16:47:10] ⏰ PROGRESS: 6272s elapsed, 0 rays found
[2025-07-25 16:47:40] ⏰ PROGRESS: 6302s elapsed, 0 rays found
[2025-07-25 16:48:11] ⏰ PROGRESS: 6332s elapsed, 0 rays found
[2025-07-25 16:48:41] ⏰ PROGRESS: 6362s elapsed, 0 rays found
[2025-07-25 16:49:11] ⏰ PROGRESS: 6392s elapsed, 0 rays found
[2025-07-25 16:49:41] ⏰ PROGRESS: 6422s elapsed, 0 rays found
[2025-07-25 16:50:10] ⏰ PROGRESS: 6452s elapsed, 0 rays found
[2025-07-25 16:50:41] ⏰ PROGRESS: 6482s elapsed, 0 rays found
[2025-07-25 16:51:11] ⏰ PROGRESS: 6512s elapsed, 0 rays found
[2025-07-25 16:51:41] ⏰ PROGRESS: 6542s elapsed, 0 rays found
[2025-07-25 16:52:11] ⏰ PROGRESS: 6572s elapsed, 0 rays found
[2025-07-25 16:52:41] ⏰ PROGRESS: 6602s elapsed, 0 rays found
[2025-07-25 16:53:11] ⏰ PROGRESS: 6632s elapsed, 0 rays found
[2025-07-25 16:53:41] ⏰ PROGRESS: 6662s elapsed, 0 rays found
[2025-07-25 16:54:11] ⏰ PROGRESS: 6692s elapsed, 0 rays found
[2025-07-25 16:54:41] ⏰ PROGRESS: 6722s elapsed, 0 rays found
[2025-07-25 16:55:11] ⏰ PROGRESS: 6752s elapsed, 0 rays found
[2025-07-25 16:55:41] ⏰ PROGRESS: 6782s elapsed, 0 rays found
[2025-07-25 16:56:11] ⏰ PROGRESS: 6812s elapsed, 0 rays found
[2025-07-25 16:56:41] ⏰ PROGRESS: 6842s elapsed, 0 rays found
[2025-07-25 16:57:11] ⏰ PROGRESS: 6872s elapsed, 0 rays found
[2025-07-25 16:57:41] ⏰ PROGRESS: 6902s elapsed, 0 rays found
[2025-07-25 16:58:11] ⏰ PROGRESS: 6932s elapsed, 0 rays found
[2025-07-25 16:58:41] ⏰ PROGRESS: 6962s elapsed, 0 rays found
[2025-07-25 16:59:11] ⏰ PROGRESS: 6992s elapsed, 0 rays found
[2025-07-25 16:59:41] ⏰ PROGRESS: 7022s elapsed, 0 rays found
[2025-07-25 17:00:11] ⏰ PROGRESS: 7052s elapsed, 0 rays found
[2025-07-25 17:00:41] ⏰ PROGRESS: 7082s elapsed, 0 rays found
[2025-07-25 17:01:11] ⏰ PROGRESS: 7112s elapsed, 0 rays found
[2025-07-25 17:01:41] ⏰ PROGRESS: 7142s elapsed, 0 rays found
[2025-07-25 17:02:11] ⏰ PROGRESS: 7172s elapsed, 0 rays found
[2025-07-25 17:02:41] ⏰ PROGRESS: 7202s elapsed, 0 rays found
[2025-07-25 17:03:11] ⏰ PROGRESS: 7232s elapsed, 0 rays found
[2025-07-25 17:03:41] ⏰ PROGRESS: 7262s elapsed, 0 rays found
[2025-07-25 17:04:11] ⏰ PROGRESS: 7292s elapsed, 0 rays found
[2025-07-25 17:04:41] ⏰ PROGRESS: 7322s elapsed, 0 rays found
[2025-07-25 17:05:11] ⏰ PROGRESS: 7352s elapsed, 0 rays found
[2025-07-25 17:05:41] ⏰ PROGRESS: 7382s elapsed, 0 rays found
[2025-07-25 17:06:11] ⏰ PROGRESS: 7412s elapsed, 0 rays found
[2025-07-25 17:06:41] ⏰ PROGRESS: 7442s elapsed, 0 rays found
[2025-07-25 17:07:11] ⏰ PROGRESS: 7472s elapsed, 0 rays found
[2025-07-25 17:07:41] ⏰ PROGRESS: 7502s elapsed, 0 rays found
[2025-07-25 17:08:11] ⏰ PROGRESS: 7532s elapsed, 0 rays found
[2025-07-25 17:08:41] ⏰ PROGRESS: 7562s elapsed, 0 rays found
[2025-07-25 17:09:11] ⏰ PROGRESS: 7592s elapsed, 0 rays found
[2025-07-25 17:09:41] ⏰ PROGRESS: 7622s elapsed, 0 rays found
[2025-07-25 17:10:11] ⏰ PROGRESS: 7652s elapsed, 0 rays found
[2025-07-25 17:10:41] ⏰ PROGRESS: 7682s elapsed, 0 rays found
[2025-07-25 17:11:11] ⏰ PROGRESS: 7712s elapsed, 0 rays found
[2025-07-25 17:11:41] ⏰ PROGRESS: 7742s elapsed, 0 rays found
[2025-07-25 17:12:11] ⏰ PROGRESS: 7772s elapsed, 0 rays found
[2025-07-25 17:12:41] ⏰ PROGRESS: 7802s elapsed, 0 rays found
