Starting large subset ray finder with 10,000 initial constraints
Time: Tue Aug  5 04:08:34 PM PDT 2025
Job ID: 52714252
Node: hpc-21-14
🎯 LARGE SUBSET Ray Finder - Breaking Saturation
Initial subset size: 10,000 constraints
Using selection method: mixed
Adding 30 violations per iteration
Matrix dimensions: 8665853 constraints × 63 variables
  Loaded 100,000 constraints...
  Loaded 200,000 constraints...
  Loaded 300,000 constraints...
  Loaded 400,000 constraints...
  Loaded 500,000 constraints...
  Loaded 600,000 constraints...
  Loaded 700,000 constraints...
  Loaded 800,000 constraints...
  Loaded 900,000 constraints...
  Loaded 1,000,000 constraints...
  Loaded 1,100,000 constraints...
  Loaded 1,200,000 constraints...
  Loaded 1,300,000 constraints...
  Loaded 1,400,000 constraints...
  Loaded 1,500,000 constraints...
  Loaded 1,600,000 constraints...
  Loaded 1,700,000 constraints...
  Loaded 1,800,000 constraints...
  Loaded 1,900,000 constraints...
  Loaded 2,000,000 constraints...
  Loaded 2,100,000 constraints...
  Loaded 2,200,000 constraints...
  Loaded 2,300,000 constraints...
  Loaded 2,400,000 constraints...
  Loaded 2,500,000 constraints...
  Loaded 2,600,000 constraints...
  Loaded 2,700,000 constraints...
  Loaded 2,800,000 constraints...
  Loaded 2,900,000 constraints...
  Loaded 3,000,000 constraints...
  Loaded 3,100,000 constraints...
  Loaded 3,200,000 constraints...
  Loaded 3,300,000 constraints...
  Loaded 3,400,000 constraints...
  Loaded 3,500,000 constraints...
  Loaded 3,600,000 constraints...
  Loaded 3,700,000 constraints...
  Loaded 3,800,000 constraints...
  Loaded 3,900,000 constraints...
  Loaded 4,000,000 constraints...
  Loaded 4,100,000 constraints...
  Loaded 4,200,000 constraints...
  Loaded 4,300,000 constraints...
  Loaded 4,400,000 constraints...
  Loaded 4,500,000 constraints...
  Loaded 4,600,000 constraints...
  Loaded 4,700,000 constraints...
  Loaded 4,800,000 constraints...
  Loaded 4,900,000 constraints...
  Loaded 5,000,000 constraints...
  Loaded 5,100,000 constraints...
  Loaded 5,200,000 constraints...
  Loaded 5,300,000 constraints...
  Loaded 5,400,000 constraints...
  Loaded 5,500,000 constraints...
  Loaded 5,600,000 constraints...
  Loaded 5,700,000 constraints...
  Loaded 5,800,000 constraints...
  Loaded 5,900,000 constraints...
  Loaded 6,000,000 constraints...
  Loaded 6,100,000 constraints...
  Loaded 6,200,000 constraints...
  Loaded 6,300,000 constraints...
  Loaded 6,400,000 constraints...
  Loaded 6,500,000 constraints...
  Loaded 6,600,000 constraints...
  Loaded 6,700,000 constraints...
  Loaded 6,800,000 constraints...
  Loaded 6,900,000 constraints...
  Loaded 7,000,000 constraints...
  Loaded 7,100,000 constraints...
  Loaded 7,200,000 constraints...
  Loaded 7,300,000 constraints...
  Loaded 7,400,000 constraints...
  Loaded 7,500,000 constraints...
  Loaded 7,600,000 constraints...
  Loaded 7,700,000 constraints...
  Loaded 7,800,000 constraints...
  Loaded 7,900,000 constraints...
  Loaded 8,000,000 constraints...
  Loaded 8,100,000 constraints...
  Loaded 8,200,000 constraints...
  Loaded 8,300,000 constraints...
  Loaded 8,400,000 constraints...
  Loaded 8,500,000 constraints...
  Loaded 8,600,000 constraints...
Loaded 8,665,853 constraints
Memory usage: 4.07 GB
Loaded 8,665,853 constraints in 63 dimensions
Load time: 220.3s
Loaded 4145 known rays from /resnick/groups/OoguriGroup/jaeha/lrslib-entropycone/n6data/rays.txt

Starting LARGE SUBSET ray discovery...
============================================================

Attempt 1 | Elapsed: 0:00:00.000018 | Found: 0 new rays
  Using subset size: 10,000 constraints
  Iteration 0: 10000 active constraints
  Added 30 violations, total: 10030
  Added 30 violations, total: 10060
  Added 2 violations, total: 10062
  Added 2 violations, total: 10064
  Added 30 violations, total: 10094
  Added 1 violations, total: 10095
Job completed at: Tue Aug  5 04:12:19 PM PDT 2025
